// Jest Snapshot v1, https://goo.gl/fbAQLP

exports[`<totalAmount /> should match snapshot 1`] = `
<div
  className="dashboard-item"
>
  <p
    className="font-weight-bold"
  >
    Total Amount
  </p>
  <h2
    className="amount font-weight-bold"
  >
    â‚¦ 
    4
  </h2>
</div>
`;
