// Jest Snapshot v1, https://goo.gl/fbAQLP

exports[`<UserMenu /> should match snapshot 1`] = `
<Connect(ConnectedMenuCard)
  link="/order-confirmation"
/>
`;
