// Jest Snapshot v1, https://goo.gl/fbAQLP

exports[`<Meal /> should call handlUpdate when "Edit" button is clicked 1`] = `
<div
  className="card user-menu-item"
>
  <div
    className="overlay-container"
    onClick={[Function]}
    onKeyPress={[Function]}
    role="button"
    tabIndex="0"
  >
    <img
      alt="Test meal"
      src="http://testimageurl"
    />
    <div
      className="overlay"
    >
      <div
        className="text"
      >
        <p>
          View description
        </p>
      </div>
    </div>
  </div>
  <Modal
    ariaHideApp={true}
    bodyOpenClassName="ReactModal__Body--open"
    closeTimeoutMS={0}
    contentLabel="Meal Detail"
    isOpen={false}
    parentSelector={[Function]}
    portalClassName="ReactModalPortal"
    shouldCloseOnEsc={true}
    shouldCloseOnOverlayClick={true}
    shouldFocusAfterRender={true}
    shouldReturnFocusAfterClose={true}
    style={
      Object {
        "content": Object {
          "bottom": "auto",
          "left": "50%",
          "marginRight": "-50%",
          "minWidth": "20rem",
          "right": "auto",
          "top": "50%",
          "transform": "translate(-50%, -50%)",
          "width": "70%",
        },
        "overlay": Object {
          "backgroundColor": "rgba(0, 0, 0, 0.25)",
        },
      }
    }
  >
    <Button
      className="close"
      onClick={[Function]}
      value="×"
    />
    <MealDetail
      closeMealDetail={[Function]}
      meal={
        Object {
          "description": "This is a test meal",
          "imageUrl": "http://testimageurl",
          "name": "Test meal",
          "price": 4000,
          "user": Object {
            "name": "Test Dika",
          },
        }
      }
    />
  </Modal>
  <div
    className="font-weight-bold text-black text-center"
    style={
      Object {
        "padding": ".875rem",
      }
    }
  >
    <p>
      Test meal
    </p>
    <p
      style={
        Object {
          "fontSize": "1.25rem",
        }
      }
    >
      ₦
      4000
    </p>
  </div>
  <div
    style={
      Object {
        "display": "flex",
        "margin": ".5rem auto",
        "width": "75%",
      }
    }
  >
    <button
      disabled={false}
      onClick={[Function]}
      style={
        Object {
          "background": "#e9ebeb",
          "border": "none",
          "borderRadius": "3px",
          "color": "#28a745",
          "cursor": "pointer",
          "flex": "50%",
          "margin": ".5rem",
          "padding": ".5rem",
        }
      }
      title="Edit Meal"
      value="Edit"
    >
      Edit
    </button>
    <button
      disabled={false}
      onClick={[Function]}
      resource="meal"
      style={
        Object {
          "background": "#e9ebeb",
          "border": "none",
          "borderRadius": "3px",
          "color": "#dc3545",
          "cursor": "pointer",
          "flex": "50%",
          "margin": ".5rem",
          "padding": ".5rem",
        }
      }
      title="Delete Meal"
      value="Delete"
    >
      Delete
    </button>
  </div>
</div>
`;

exports[`<Meal /> should call handleDelete when "Delete" button is clicked 1`] = `
<div
  className="card user-menu-item"
>
  <div
    className="overlay-container"
    onClick={[Function]}
    onKeyPress={[Function]}
    role="button"
    tabIndex="0"
  >
    <img
      alt="Test meal"
      src="http://testimageurl"
    />
    <div
      className="overlay"
    >
      <div
        className="text"
      >
        <p>
          View description
        </p>
      </div>
    </div>
  </div>
  <Modal
    ariaHideApp={true}
    bodyOpenClassName="ReactModal__Body--open"
    closeTimeoutMS={0}
    contentLabel="Meal Detail"
    isOpen={false}
    parentSelector={[Function]}
    portalClassName="ReactModalPortal"
    shouldCloseOnEsc={true}
    shouldCloseOnOverlayClick={true}
    shouldFocusAfterRender={true}
    shouldReturnFocusAfterClose={true}
    style={
      Object {
        "content": Object {
          "bottom": "auto",
          "left": "50%",
          "marginRight": "-50%",
          "minWidth": "20rem",
          "right": "auto",
          "top": "50%",
          "transform": "translate(-50%, -50%)",
          "width": "70%",
        },
        "overlay": Object {
          "backgroundColor": "rgba(0, 0, 0, 0.25)",
        },
      }
    }
  >
    <Button
      className="close"
      onClick={[Function]}
      value="×"
    />
    <MealDetail
      closeMealDetail={[Function]}
      meal={
        Object {
          "description": "This is a test meal",
          "imageUrl": "http://testimageurl",
          "name": "Test meal",
          "price": 4000,
          "user": Object {
            "name": "Test Dika",
          },
        }
      }
    />
  </Modal>
  <div
    className="font-weight-bold text-black text-center"
    style={
      Object {
        "padding": ".875rem",
      }
    }
  >
    <p>
      Test meal
    </p>
    <p
      style={
        Object {
          "fontSize": "1.25rem",
        }
      }
    >
      ₦
      4000
    </p>
  </div>
  <div
    style={
      Object {
        "display": "flex",
        "margin": ".5rem auto",
        "width": "75%",
      }
    }
  >
    <button
      disabled={false}
      onClick={[Function]}
      style={
        Object {
          "background": "#e9ebeb",
          "border": "none",
          "borderRadius": "3px",
          "color": "#28a745",
          "cursor": "pointer",
          "flex": "50%",
          "margin": ".5rem",
          "padding": ".5rem",
        }
      }
      title="Edit Meal"
      value="Edit"
    >
      Edit
    </button>
    <button
      disabled={false}
      onClick={[Function]}
      resource="meal"
      style={
        Object {
          "background": "#e9ebeb",
          "border": "none",
          "borderRadius": "3px",
          "color": "#dc3545",
          "cursor": "pointer",
          "flex": "50%",
          "margin": ".5rem",
          "padding": ".5rem",
        }
      }
      title="Delete Meal"
      value="Delete"
    >
      Delete
    </button>
  </div>
</div>
`;

exports[`<Meal /> should call handleDelete when "Delete" button is clicked 2`] = `
<div
  className="card user-menu-item"
>
  <div
    className="overlay-container"
    onClick={[Function]}
    onKeyPress={[Function]}
    role="button"
    tabIndex="0"
  >
    <img
      alt="Test meal"
      src="http://testimageurl"
    />
    <div
      className="overlay"
    >
      <div
        className="text"
      >
        <p>
          View description
        </p>
      </div>
    </div>
  </div>
  <Modal
    ariaHideApp={true}
    bodyOpenClassName="ReactModal__Body--open"
    closeTimeoutMS={0}
    contentLabel="Meal Detail"
    isOpen={false}
    parentSelector={[Function]}
    portalClassName="ReactModalPortal"
    shouldCloseOnEsc={true}
    shouldCloseOnOverlayClick={true}
    shouldFocusAfterRender={true}
    shouldReturnFocusAfterClose={true}
    style={
      Object {
        "content": Object {
          "bottom": "auto",
          "left": "50%",
          "marginRight": "-50%",
          "minWidth": "20rem",
          "right": "auto",
          "top": "50%",
          "transform": "translate(-50%, -50%)",
          "width": "70%",
        },
        "overlay": Object {
          "backgroundColor": "rgba(0, 0, 0, 0.25)",
        },
      }
    }
  >
    <Button
      className="close"
      onClick={[Function]}
      value="×"
    />
    <MealDetail
      closeMealDetail={[Function]}
      meal={
        Object {
          "description": "This is a test meal",
          "imageUrl": "http://testimageurl",
          "name": "Test meal",
          "price": 4000,
          "user": Object {
            "name": "Test Dika",
          },
        }
      }
    />
  </Modal>
  <div
    className="font-weight-bold text-black text-center"
    style={
      Object {
        "padding": ".875rem",
      }
    }
  >
    <p>
      Test meal
    </p>
    <p
      style={
        Object {
          "fontSize": "1.25rem",
        }
      }
    >
      ₦
      4000
    </p>
  </div>
  <div
    style={
      Object {
        "display": "flex",
        "margin": ".5rem auto",
        "width": "75%",
      }
    }
  >
    <button
      disabled={false}
      onClick={[Function]}
      style={
        Object {
          "background": "#e9ebeb",
          "border": "none",
          "borderRadius": "3px",
          "color": "#28a745",
          "cursor": "pointer",
          "flex": "50%",
          "margin": ".5rem",
          "padding": ".5rem",
        }
      }
      title="Edit Meal"
      value="Edit"
    >
      Edit
    </button>
    <button
      disabled={false}
      onClick={[Function]}
      resource="meal"
      style={
        Object {
          "background": "#e9ebeb",
          "border": "none",
          "borderRadius": "3px",
          "color": "#dc3545",
          "cursor": "pointer",
          "flex": "50%",
          "margin": ".5rem",
          "padding": ".5rem",
        }
      }
      title="Delete Meal"
      value="Delete"
    >
      Delete
    </button>
  </div>
</div>
`;

exports[`<Meal /> should match snapshot 1`] = `
<div
  className="card user-menu-item"
>
  <div
    className="overlay-container"
    onClick={[Function]}
    onKeyPress={[Function]}
    role="button"
    tabIndex="0"
  >
    <img
      alt="Test meal"
      src="http://testimageurl"
    />
    <div
      className="overlay"
    >
      <div
        className="text"
      >
        <p>
          View description
        </p>
      </div>
    </div>
  </div>
  <Modal
    ariaHideApp={true}
    bodyOpenClassName="ReactModal__Body--open"
    closeTimeoutMS={0}
    contentLabel="Meal Detail"
    isOpen={false}
    parentSelector={[Function]}
    portalClassName="ReactModalPortal"
    shouldCloseOnEsc={true}
    shouldCloseOnOverlayClick={true}
    shouldFocusAfterRender={true}
    shouldReturnFocusAfterClose={true}
    style={
      Object {
        "content": Object {
          "bottom": "auto",
          "left": "50%",
          "marginRight": "-50%",
          "minWidth": "20rem",
          "right": "auto",
          "top": "50%",
          "transform": "translate(-50%, -50%)",
          "width": "70%",
        },
        "overlay": Object {
          "backgroundColor": "rgba(0, 0, 0, 0.25)",
        },
      }
    }
  >
    <Button
      className="close"
      onClick={[Function]}
      value="×"
    />
    <MealDetail
      closeMealDetail={[Function]}
      meal={
        Object {
          "description": "This is a test meal",
          "imageUrl": "http://testimageurl",
          "name": "Test meal",
          "price": 4000,
          "user": Object {
            "name": "Test Dika",
          },
        }
      }
    />
  </Modal>
  <div
    className="font-weight-bold text-black text-center"
    style={
      Object {
        "padding": ".875rem",
      }
    }
  >
    <p>
      Test meal
    </p>
    <p
      style={
        Object {
          "fontSize": "1.25rem",
        }
      }
    >
      ₦
      4000
    </p>
  </div>
  <div
    style={
      Object {
        "display": "flex",
        "margin": ".5rem auto",
        "width": "75%",
      }
    }
  >
    <button
      disabled={false}
      onClick={[Function]}
      style={
        Object {
          "background": "#e9ebeb",
          "border": "none",
          "borderRadius": "3px",
          "color": "#28a745",
          "cursor": "pointer",
          "flex": "50%",
          "margin": ".5rem",
          "padding": ".5rem",
        }
      }
      title="Edit Meal"
      value="Edit"
    >
      Edit
    </button>
    <button
      disabled={false}
      onClick={[Function]}
      resource="meal"
      style={
        Object {
          "background": "#e9ebeb",
          "border": "none",
          "borderRadius": "3px",
          "color": "#dc3545",
          "cursor": "pointer",
          "flex": "50%",
          "margin": ".5rem",
          "padding": ".5rem",
        }
      }
      title="Delete Meal"
      value="Delete"
    >
      Delete
    </button>
  </div>
</div>
`;
