// Jest Snapshot v1, https://goo.gl/fbAQLP

exports[`<MealCheckout /> should match snapshot 1`] = `
<div
  className="text-center"
  id="checkout"
>
  <h5>
    Checkout Order
  </h5>
  <div>
    <table>
      <thead
        className="text-center"
      >
        <tr>
          <th>
            Meal Name
          </th>
          <th>
            Quantity (Plate)
          </th>
          <th>
            Total
          </th>
        </tr>
      </thead>
      <tbody>
        <tr
          className="text-center"
        >
          <td />
          <td>
            <input
              id="quantity"
              max={9007199254740991}
              min={1}
              name="quantity"
              onChange={[Function]}
              style={
                Object {
                  "width": "50%",
                }
              }
              type="number"
              value={1}
            />
          </td>
          <td>
            â‚¦ 
            3000
          </td>
        </tr>
      </tbody>
    </table>
  </div>
  <Button
    className="btn btn-default"
    onClick={[Function]}
    style={
      Object {
        "margin": "1rem auto",
      }
    }
    value="Checkout"
  />
</div>
`;
