// Jest Snapshot v1, https://goo.gl/fbAQLP

exports[`<Header /> shold match snapshot 1`] = `
<Provider
  store={
    Object {
      "dispatch": [Function],
      "getState": [Function],
      "replaceReducer": [Function],
      "subscribe": [Function],
      Symbol(observable): [Function],
    }
  }
>
  <MemoryRouter>
    <Router
      history={
        Object {
          "action": "POP",
          "block": [Function],
          "canGo": [Function],
          "createHref": [Function],
          "entries": Array [
            Object {
              "hash": "",
              "key": "g4fm71",
              "pathname": "/",
              "search": "",
              "state": undefined,
            },
          ],
          "go": [Function],
          "goBack": [Function],
          "goForward": [Function],
          "index": 0,
          "length": 1,
          "listen": [Function],
          "location": Object {
            "hash": "",
            "key": "g4fm71",
            "pathname": "/",
            "search": "",
            "state": undefined,
          },
          "push": [Function],
          "replace": [Function],
        }
      }
    >
      <Header
        className="test"
      >
        <header
          className="test"
        >
          <Connect(ConnectedLogo)
            className="col-1-4 logo text-left"
            text="Book-A-Meal"
          >
            <ConnectedLogo
              className="col-1-4 logo text-left"
              goHome={[Function]}
              text="Book-A-Meal"
            >
              <NavLink
                activeClassName="active"
                ariaCurrent="true"
                onClick={[Function]}
                to="/"
              >
                <Route
                  path="/"
                >
                  <Link
                    aria-current="true"
                    className="active"
                    onClick={[Function]}
                    replace={false}
                    style={Object {}}
                    to="/"
                  >
                    <a
                      aria-current="true"
                      className="active"
                      href="/"
                      onClick={[Function]}
                      style={Object {}}
                    >
                      <h1
                        className="col-1-4 logo text-left"
                      >
                        Book-A-Meal
                      </h1>
                    </a>
                  </Link>
                </Route>
              </NavLink>
            </ConnectedLogo>
          </Connect(ConnectedLogo)>
          <div
            className="toggle-show"
          >
            â˜°
          </div>
          <Connect(ConnectedNavigation)>
            <ConnectedNavigation
              signout={[Function]}
              urls={
                Array [
                  Object {
                    "id": 1,
                    "link": "signin",
                    "name": "Sign in",
                  },
                  Object {
                    "id": 2,
                    "link": "signup",
                    "name": "Sign up",
                  },
                ]
              }
            >
              <nav
                className="col-3-4"
              >
                <ul
                  className="nav-container text-center"
                >
                  <li
                    key="1"
                  >
                    <NavLink
                      activeClassName="active"
                      ariaCurrent="true"
                      to="/signin"
                    >
                      <Route
                        path="/signin"
                      >
                        <Link
                          aria-current={false}
                          replace={false}
                          to="/signin"
                        >
                          <a
                            aria-current={false}
                            href="/signin"
                            onClick={[Function]}
                          >
                            Sign in
                          </a>
                        </Link>
                      </Route>
                    </NavLink>
                  </li>
                  <li
                    key="2"
                  >
                    <NavLink
                      activeClassName="active"
                      ariaCurrent="true"
                      to="/signup"
                    >
                      <Route
                        path="/signup"
                      >
                        <Link
                          aria-current={false}
                          replace={false}
                          to="/signup"
                        >
                          <a
                            aria-current={false}
                            href="/signup"
                            onClick={[Function]}
                          >
                            Sign up
                          </a>
                        </Link>
                      </Route>
                    </NavLink>
                  </li>
                </ul>
              </nav>
            </ConnectedNavigation>
          </Connect(ConnectedNavigation)>
        </header>
      </Header>
    </Router>
  </MemoryRouter>
</Provider>
`;
