// Jest Snapshot v1, https://goo.gl/fbAQLP

exports[`<PrivateAdminRoute /> should render correctly 1`] = `
<Route
  path="/dashboard"
  render={[Function]}
/>
`;
