// Jest Snapshot v1, https://goo.gl/fbAQLP

exports[`<SignOut /> should match snapshot 1`] = `
<React.Fragment>
  <div>
    test
  </div>
</React.Fragment>
`;
