// Jest Snapshot v1, https://goo.gl/fbAQLP

exports[`<UpdateOrder /> should match snapshot 1`] = `
<div
  className="text-center"
  id="checkout"
>
  <h5>
    Update Order
  </h5>
  <div>
    <table>
      <thead
        className="text-center"
      >
        <tr>
          <th>
            Meal Name
          </th>
          <th>
            Quantity (Plate)
          </th>
          <th>
            Total
          </th>
        </tr>
      </thead>
      <tbody>
        <tr
          className="text-center"
        >
          <td>
            Amala and Ewedu
          </td>
          <td>
            <input
              id="quantity"
              max={9007199254740991}
              min={1}
              name="quantity"
              onChange={[Function]}
              style={
                Object {
                  "width": "50%",
                }
              }
              type="number"
              value={1}
            />
          </td>
          <td>
            â‚¦ 
            4000
          </td>
        </tr>
      </tbody>
    </table>
  </div>
  <div
    style={
      Object {
        "display": "flex",
        "justifyContent": "center",
        "marginTop": "1rem",
      }
    }
  >
    <Button
      className="btn btn-default"
      onClick={[Function]}
      style={
        Object {
          "background": "#28a745",
          "margin": "1rem .5rem",
        }
      }
      title="update order"
      value="Update Order"
    />
    <Button
      className="btn btn-default"
      onClick={[MockFunction]}
      style={
        Object {
          "background": "#dc3545",
          "margin": "1rem .5rem",
        }
      }
      value="Cancel"
    />
  </div>
</div>
`;
