// Jest Snapshot v1, https://goo.gl/fbAQLP

exports[`<Logo /> should match snapshot 1`] = `
<NavLink
  activeClassName="active"
  ariaCurrent="true"
  exact={true}
  to="/"
>
  <h1
    className="test-class"
  >
    test
  </h1>
</NavLink>
`;
